// Jest Snapshot v1, https://goo.gl/fbAQLP

exports[`<CategoryHeadline/> renders correctly 1`] = `
<View
  collapsable={true}
  pointerEvents="box-none"
  style={
    Object {
      "flex": 1,
    }
  }
>
  <View
    style={
      Array [
        Object {
          "backgroundColor": "#d1d1d1",
          "marginBottom": 12,
          "paddingBottom": 12,
          "paddingLeft": 12,
          "paddingRight": 12,
          "paddingTop": 12,
        },
      ]
    }
  >
    <Text
      style={
        Array [
          Object {
            "color": "#000",
            "fontSize": 48,
            "fontWeight": "900",
            "textAlign": "center",
          },
        ]
      }
    >
      Characters
    </Text>
  </View>
</View>
`;
