// Jest Snapshot v1, https://goo.gl/fbAQLP

exports[`test renders correctly 1`] = `
<View
  collapsable={true}
  pointerEvents="box-none"
  style={
    Object {
      "flex": 1,
    }
  }
>
  <TouchableOpacity
    accessibilityLabel="Jeopardy Topic Card"
    accessible={true}
    activeOpacity={0.5}
    style={
      Array [
        Object {
          "alignSelf": "center",
          "opacity": 1,
          "width": "80%",
        },
      ]
    }
  >
    <View
      style={
        Array [
          Object {
            "backgroundColor": "#d1d1d1",
            "borderRadius": 5,
            "marginBottom": 12,
            "paddingBottom": 12,
            "paddingLeft": 12,
            "paddingRight": 12,
            "paddingTop": 12,
          },
        ]
      }
    >
      <Text
        style={
          Array [
            Object {
              "color": "#000",
              "fontSize": 38,
              "fontWeight": "600",
              "textAlign": "center",
            },
          ]
        }
      >
        500
      </Text>
    </View>
  </TouchableOpacity>
</View>
`;
